// Jest Snapshot v1, https://goo.gl/fbAQLP

exports[`generateLinkedList should generate linked list from values 2 1`] = `
{
  "next": ObjectContaining {
    "next": Anything,
    "value": Anything,
  },
  "value": Anything,
}
`;
